// Jest Snapshot v1, https://goo.gl/fbAQLP

exports[`Pruebas en GifItem /> debe de hacer match con el snapshot 1`] = `
<div>
  <div
    class="card"
  >
    <img
      alt="Overwatch2"
      src="https://overwatch.com/"
    />
    <p>
      Overwatch2
    </p>
  </div>
</div>
`;
